Opening balance: 690
Withdraw: 600, User: Wife, Account balance after: 90
Closing balance: 90
