Opening balance: 400
Withdraw: -40, User: Wife, Transaction declined
Closing balance: 400
