Opening balance: 400
Withdraw: -600, User: Husband, Transaction declined
Withdraw: -600, User: Husband, Transaction declined
Withdraw: -600, User: Husband, Transaction declined
Withdraw: -600, User: Husband, Transaction declined
Closing balance: 400
