Opening balance: 400
Withdraw: -600, User: Wife, Transaction declined
Withdraw: -600, User: Wife, Transaction declined
Withdraw: -600, User: Wife, Transaction declined
Withdraw: -600, User: Wife, Transaction declined
Closing balance: 400
